------------------------------------------------------------
Timing Analyzer Summary
------------------------------------------------------------

Type  : Slow 1100mV 85C Model Setup 'u_ClockManager|u_dcm|auto_generated|generic_pll2~PLL_OUTPUT_COUNTER|divclk'
Slack : 2.276
TNS   : 0.000

Type  : Slow 1100mV 85C Model Setup 'u_ClockManager|u_dcm|auto_generated|generic_pll1~PLL_OUTPUT_COUNTER|divclk'
Slack : 4.036
TNS   : 0.000

Type  : Slow 1100mV 85C Model Setup 'altera_reserved_tck'
Slack : 11.515
TNS   : 0.000

Type  : Slow 1100mV 85C Model Hold 'altera_reserved_tck'
Slack : 0.272
TNS   : 0.000

Type  : Slow 1100mV 85C Model Hold 'u_ClockManager|u_dcm|auto_generated|generic_pll2~PLL_OUTPUT_COUNTER|divclk'
Slack : 0.293
TNS   : 0.000

Type  : Slow 1100mV 85C Model Hold 'u_ClockManager|u_dcm|auto_generated|generic_pll1~PLL_OUTPUT_COUNTER|divclk'
Slack : 0.305
TNS   : 0.000

Type  : Slow 1100mV 85C Model Recovery 'altera_reserved_tck'
Slack : 29.609
TNS   : 0.000

Type  : Slow 1100mV 85C Model Removal 'altera_reserved_tck'
Slack : 0.847
TNS   : 0.000

Type  : Slow 1100mV 85C Model Minimum Pulse Width 'u_ClockManager|u_dcm|auto_generated|generic_pll1~FRACTIONAL_PLL|vcoph[0]'
Slack : 1.333
TNS   : 0.000

Type  : Slow 1100mV 85C Model Minimum Pulse Width 'u_ClockManager|u_dcm|auto_generated|generic_pll2~PLL_OUTPUT_COUNTER|divclk'
Slack : 2.768
TNS   : 0.000

Type  : Slow 1100mV 85C Model Minimum Pulse Width 'sysclk'
Slack : 4.670
TNS   : 0.000

Type  : Slow 1100mV 85C Model Minimum Pulse Width 'altera_reserved_tck'
Slack : 15.291
TNS   : 0.000

Type  : Slow 1100mV 85C Model Minimum Pulse Width 'u_ClockManager|u_dcm|auto_generated|generic_pll1~PLL_OUTPUT_COUNTER|divclk'
Slack : 18.766
TNS   : 0.000

Type  : Slow 1100mV 0C Model Setup 'u_ClockManager|u_dcm|auto_generated|generic_pll2~PLL_OUTPUT_COUNTER|divclk'
Slack : 2.151
TNS   : 0.000

Type  : Slow 1100mV 0C Model Setup 'u_ClockManager|u_dcm|auto_generated|generic_pll1~PLL_OUTPUT_COUNTER|divclk'
Slack : 4.197
TNS   : 0.000

Type  : Slow 1100mV 0C Model Setup 'altera_reserved_tck'
Slack : 11.396
TNS   : 0.000

Type  : Slow 1100mV 0C Model Hold 'altera_reserved_tck'
Slack : 0.256
TNS   : 0.000

Type  : Slow 1100mV 0C Model Hold 'u_ClockManager|u_dcm|auto_generated|generic_pll2~PLL_OUTPUT_COUNTER|divclk'
Slack : 0.276
TNS   : 0.000

Type  : Slow 1100mV 0C Model Hold 'u_ClockManager|u_dcm|auto_generated|generic_pll1~PLL_OUTPUT_COUNTER|divclk'
Slack : 0.292
TNS   : 0.000

Type  : Slow 1100mV 0C Model Recovery 'altera_reserved_tck'
Slack : 29.772
TNS   : 0.000

Type  : Slow 1100mV 0C Model Removal 'altera_reserved_tck'
Slack : 0.766
TNS   : 0.000

Type  : Slow 1100mV 0C Model Minimum Pulse Width 'u_ClockManager|u_dcm|auto_generated|generic_pll1~FRACTIONAL_PLL|vcoph[0]'
Slack : 1.333
TNS   : 0.000

Type  : Slow 1100mV 0C Model Minimum Pulse Width 'u_ClockManager|u_dcm|auto_generated|generic_pll2~PLL_OUTPUT_COUNTER|divclk'
Slack : 2.748
TNS   : 0.000

Type  : Slow 1100mV 0C Model Minimum Pulse Width 'sysclk'
Slack : 4.673
TNS   : 0.000

Type  : Slow 1100mV 0C Model Minimum Pulse Width 'altera_reserved_tck'
Slack : 15.322
TNS   : 0.000

Type  : Slow 1100mV 0C Model Minimum Pulse Width 'u_ClockManager|u_dcm|auto_generated|generic_pll1~PLL_OUTPUT_COUNTER|divclk'
Slack : 18.744
TNS   : 0.000

Type  : Fast 1100mV 85C Model Setup 'u_ClockManager|u_dcm|auto_generated|generic_pll2~PLL_OUTPUT_COUNTER|divclk'
Slack : 4.792
TNS   : 0.000

Type  : Fast 1100mV 85C Model Setup 'u_ClockManager|u_dcm|auto_generated|generic_pll1~PLL_OUTPUT_COUNTER|divclk'
Slack : 5.258
TNS   : 0.000

Type  : Fast 1100mV 85C Model Setup 'altera_reserved_tck'
Slack : 13.831
TNS   : 0.000

Type  : Fast 1100mV 85C Model Hold 'altera_reserved_tck'
Slack : 0.090
TNS   : 0.000

Type  : Fast 1100mV 85C Model Hold 'u_ClockManager|u_dcm|auto_generated|generic_pll2~PLL_OUTPUT_COUNTER|divclk'
Slack : 0.166
TNS   : 0.000

Type  : Fast 1100mV 85C Model Hold 'u_ClockManager|u_dcm|auto_generated|generic_pll1~PLL_OUTPUT_COUNTER|divclk'
Slack : 0.179
TNS   : 0.000

Type  : Fast 1100mV 85C Model Recovery 'altera_reserved_tck'
Slack : 30.802
TNS   : 0.000

Type  : Fast 1100mV 85C Model Removal 'altera_reserved_tck'
Slack : 0.419
TNS   : 0.000

Type  : Fast 1100mV 85C Model Minimum Pulse Width 'u_ClockManager|u_dcm|auto_generated|generic_pll1~FRACTIONAL_PLL|vcoph[0]'
Slack : 1.333
TNS   : 0.000

Type  : Fast 1100mV 85C Model Minimum Pulse Width 'u_ClockManager|u_dcm|auto_generated|generic_pll2~PLL_OUTPUT_COUNTER|divclk'
Slack : 2.885
TNS   : 0.000

Type  : Fast 1100mV 85C Model Minimum Pulse Width 'sysclk'
Slack : 4.336
TNS   : 0.000

Type  : Fast 1100mV 85C Model Minimum Pulse Width 'altera_reserved_tck'
Slack : 15.071
TNS   : 0.000

Type  : Fast 1100mV 85C Model Minimum Pulse Width 'u_ClockManager|u_dcm|auto_generated|generic_pll1~PLL_OUTPUT_COUNTER|divclk'
Slack : 18.887
TNS   : 0.000

Type  : Fast 1100mV 0C Model Setup 'u_ClockManager|u_dcm|auto_generated|generic_pll2~PLL_OUTPUT_COUNTER|divclk'
Slack : 4.957
TNS   : 0.000

Type  : Fast 1100mV 0C Model Setup 'u_ClockManager|u_dcm|auto_generated|generic_pll1~PLL_OUTPUT_COUNTER|divclk'
Slack : 5.576
TNS   : 0.000

Type  : Fast 1100mV 0C Model Setup 'altera_reserved_tck'
Slack : 13.977
TNS   : 0.000

Type  : Fast 1100mV 0C Model Hold 'altera_reserved_tck'
Slack : 0.079
TNS   : 0.000

Type  : Fast 1100mV 0C Model Hold 'u_ClockManager|u_dcm|auto_generated|generic_pll2~PLL_OUTPUT_COUNTER|divclk'
Slack : 0.153
TNS   : 0.000

Type  : Fast 1100mV 0C Model Hold 'u_ClockManager|u_dcm|auto_generated|generic_pll1~PLL_OUTPUT_COUNTER|divclk'
Slack : 0.167
TNS   : 0.000

Type  : Fast 1100mV 0C Model Recovery 'altera_reserved_tck'
Slack : 31.057
TNS   : 0.000

Type  : Fast 1100mV 0C Model Removal 'altera_reserved_tck'
Slack : 0.355
TNS   : 0.000

Type  : Fast 1100mV 0C Model Minimum Pulse Width 'u_ClockManager|u_dcm|auto_generated|generic_pll1~FRACTIONAL_PLL|vcoph[0]'
Slack : 1.333
TNS   : 0.000

Type  : Fast 1100mV 0C Model Minimum Pulse Width 'u_ClockManager|u_dcm|auto_generated|generic_pll2~PLL_OUTPUT_COUNTER|divclk'
Slack : 2.884
TNS   : 0.000

Type  : Fast 1100mV 0C Model Minimum Pulse Width 'sysclk'
Slack : 4.286
TNS   : 0.000

Type  : Fast 1100mV 0C Model Minimum Pulse Width 'altera_reserved_tck'
Slack : 15.108
TNS   : 0.000

Type  : Fast 1100mV 0C Model Minimum Pulse Width 'u_ClockManager|u_dcm|auto_generated|generic_pll1~PLL_OUTPUT_COUNTER|divclk'
Slack : 18.885
TNS   : 0.000

------------------------------------------------------------
